[INFO] Scanning for projects...
[INFO] 
[INFO] ----------------------< com.sportsync:sportsync >-----------------------
[INFO] Building SportSync 0.0.1-SNAPSHOT
[INFO]   from pom.xml
[INFO] --------------------------------[ jar ]---------------------------------
[INFO] 
[INFO] --- clean:3.3.2:clean (default-clean) @ sportsync ---
[INFO] Deleting C:\Users\neera\OneDrive\Desktop\projects\SportSync\backend\target
[INFO] 
[INFO] --- resources:3.3.1:resources (default-resources) @ sportsync ---
[INFO] Copying 5 resources from src\main\resources to target\classes
[INFO] Copying 2 resources from src\main\resources to target\classes
[INFO] 
[INFO] --- compiler:3.11.0:compile (default-compile) @ sportsync ---
[INFO] Changes detected - recompiling the module! :source
[INFO] Compiling 49 source files with javac [debug release 17] to target\classes
[INFO] -------------------------------------------------------------
[ERROR] COMPILATION ERROR : 
[INFO] -------------------------------------------------------------
[ERROR] /C:/Users/neera/OneDrive/Desktop/projects/SportSync/backend/src/main/java/com/sportsync/dto/UserUpdateDTO.java:[19,10] annotation @com.sportsync.validation.Sanitized not applicable in this type context
[ERROR] /C:/Users/neera/OneDrive/Desktop/projects/SportSync/backend/src/main/java/com/sportsync/service/ReviewService.java:[36,15] cannot find symbol
  symbol:   method setReviewer(com.sportsync.entity.User)
  location: variable review of type com.sportsync.entity.Review
[ERROR] /C:/Users/neera/OneDrive/Desktop/projects/SportSync/backend/src/main/java/com/sportsync/service/ReviewService.java:[37,15] cannot find symbol
  symbol:   method setReviewee(com.sportsync.entity.User)
  location: variable review of type com.sportsync.entity.Review
[ERROR] /C:/Users/neera/OneDrive/Desktop/projects/SportSync/backend/src/main/java/com/sportsync/service/ReviewService.java:[38,15] cannot find symbol
  symbol:   method setEvent(com.sportsync.entity.Event)
  location: variable review of type com.sportsync.entity.Review
[ERROR] /C:/Users/neera/OneDrive/Desktop/projects/SportSync/backend/src/main/java/com/sportsync/service/ReviewService.java:[39,15] cannot find symbol
  symbol:   method setRating(java.lang.Integer)
  location: variable review of type com.sportsync.entity.Review
[ERROR] /C:/Users/neera/OneDrive/Desktop/projects/SportSync/backend/src/main/java/com/sportsync/service/ReviewService.java:[40,15] cannot find symbol
  symbol:   method setComment(java.lang.String)
  location: variable review of type com.sportsync.entity.Review
[ERROR] /C:/Users/neera/OneDrive/Desktop/projects/SportSync/backend/src/main/java/com/sportsync/service/ReviewService.java:[41,15] cannot find symbol
  symbol:   method setCreatedAt(java.time.LocalDateTime)
  location: variable review of type com.sportsync.entity.Review
[ERROR] /C:/Users/neera/OneDrive/Desktop/projects/SportSync/backend/src/main/java/com/sportsync/service/UserService.java:[58,13] cannot find symbol
  symbol:   method setName(@jakarta.validation.constraints.NotBlank(message="Name is required"),@jakarta.validation.constraints.Size(max=255, message="Name must not exceed 255 characters") java.lang.String)
  location: variable user of type com.sportsync.entity.User
[ERROR] /C:/Users/neera/OneDrive/Desktop/projects/SportSync/backend/src/main/java/com/sportsync/service/UserService.java:[59,13] cannot find symbol
  symbol:   method setEmail(@jakarta.validation.constraints.NotBlank(message="Email is required"),@jakarta.validation.constraints.Email(message="Email must be valid"),@jakarta.validation.constraints.Size(max=255, message="Email must not exceed 255 characters") java.lang.String)
  location: variable user of type com.sportsync.entity.User
[ERROR] /C:/Users/neera/OneDrive/Desktop/projects/SportSync/backend/src/main/java/com/sportsync/service/UserService.java:[60,13] cannot find symbol
  symbol:   method setPassword(java.lang.String)
  location: variable user of type com.sportsync.entity.User
[ERROR] /C:/Users/neera/OneDrive/Desktop/projects/SportSync/backend/src/main/java/com/sportsync/service/UserService.java:[61,13] cannot find symbol
  symbol:   method setSkillLevel(@jakarta.validation.constraints.NotNull(message="Skill level is required") com.sportsync.entity.SkillLevel)
  location: variable user of type com.sportsync.entity.User
[ERROR] /C:/Users/neera/OneDrive/Desktop/projects/SportSync/backend/src/main/java/com/sportsync/service/UserService.java:[62,13] cannot find symbol
  symbol:   method setLatitude(@jakarta.validation.constraints.NotNull(message="Latitude is required"),@jakarta.validation.constraints.DecimalMin(value="-90.0", message="Latitude must be between -90 and 90"),@jakarta.validation.constraints.DecimalMax(value="90.0", message="Latitude must be between -90 and 90") java.lang.Double)
  location: variable user of type com.sportsync.entity.User
[ERROR] /C:/Users/neera/OneDrive/Desktop/projects/SportSync/backend/src/main/java/com/sportsync/service/UserService.java:[63,13] cannot find symbol
  symbol:   method setLongitude(@jakarta.validation.constraints.NotNull(message="Longitude is required"),@jakarta.validation.constraints.DecimalMin(value="-180.0", message="Longitude must be between -180 and 180"),@jakarta.validation.constraints.DecimalMax(value="180.0", message="Longitude must be between -180 and 180") java.lang.Double)
  location: variable user of type com.sportsync.entity.User
[ERROR] /C:/Users/neera/OneDrive/Desktop/projects/SportSync/backend/src/main/java/com/sportsync/service/UserService.java:[64,13] cannot find symbol
  symbol:   method setPreferredSports(@jakarta.validation.constraints.NotEmpty(message="At least one preferred sport is required") java.util.List<java.lang.String>)
  location: variable user of type com.sportsync.entity.User
[ERROR] /C:/Users/neera/OneDrive/Desktop/projects/SportSync/backend/src/main/java/com/sportsync/service/UserService.java:[65,13] cannot find symbol
  symbol:   method setReputationScore(double)
  location: variable user of type com.sportsync.entity.User
[ERROR] /C:/Users/neera/OneDrive/Desktop/projects/SportSync/backend/src/main/java/com/sportsync/service/UserService.java:[87,52] cannot find symbol
  symbol:   method getPassword()
  location: variable user of type com.sportsync.entity.User
[ERROR] /C:/Users/neera/OneDrive/Desktop/projects/SportSync/backend/src/main/java/com/sportsync/service/UserService.java:[109,13] cannot find symbol
  symbol:   method setReputationScore(java.lang.Double)
  location: variable user of type com.sportsync.entity.User
[ERROR] /C:/Users/neera/OneDrive/Desktop/projects/SportSync/backend/src/main/java/com/sportsync/service/UserService.java:[122,21] cannot find symbol
  symbol:   method setName(@jakarta.validation.constraints.NotBlank(message="Name is required"),@jakarta.validation.constraints.Size(min=2, max=255, message="Name must be between 2 and 255 characters") java.lang.String)
  location: variable existingUser of type com.sportsync.entity.User
[ERROR] /C:/Users/neera/OneDrive/Desktop/projects/SportSync/backend/src/main/java/com/sportsync/service/UserService.java:[123,21] cannot find symbol
  symbol:   method setSkillLevel(@jakarta.validation.constraints.NotNull(message="Skill level is required") com.sportsync.entity.SkillLevel)
  location: variable existingUser of type com.sportsync.entity.User
[ERROR] /C:/Users/neera/OneDrive/Desktop/projects/SportSync/backend/src/main/java/com/sportsync/service/UserService.java:[124,21] cannot find symbol
  symbol:   method setLatitude(@jakarta.validation.constraints.NotNull(message="Latitude is required"),@jakarta.validation.constraints.DecimalMin(value="-90.0", message="Latitude must be between -90 and 90"),@jakarta.validation.constraints.DecimalMax(value="90.0", message="Latitude must be between -90 and 90") java.lang.Double)
  location: variable existingUser of type com.sportsync.entity.User
[ERROR] /C:/Users/neera/OneDrive/Desktop/projects/SportSync/backend/src/main/java/com/sportsync/service/UserService.java:[125,21] cannot find symbol
  symbol:   method setLongitude(@jakarta.validation.constraints.NotNull(message="Longitude is required"),@jakarta.validation.constraints.DecimalMin(value="-180.0", message="Longitude must be between -180 and 180"),@jakarta.validation.constraints.DecimalMax(value="180.0", message="Longitude must be between -180 and 180") java.lang.Double)
  location: variable existingUser of type com.sportsync.entity.User
[ERROR] /C:/Users/neera/OneDrive/Desktop/projects/SportSync/backend/src/main/java/com/sportsync/service/UserService.java:[126,21] cannot find symbol
  symbol:   method setPreferredSports(@jakarta.validation.constraints.NotEmpty(message="At least one preferred sport is required"),@jakarta.validation.constraints.Size(max=10, message="Cannot have more than 10 preferred sports") java.util.List<@jakarta.validation.constraints.NotBlank(message="Sport name cannot be blank"),@jakarta.validation.constraints.Size(max=100, message="Sport name must not exceed 100 characters"),@com.sportsync.validation.Sanitized(value=STRICT, message="Sport name contains invalid characters") java.lang.String>)
  location: variable existingUser of type com.sportsync.entity.User
[ERROR] /C:/Users/neera/OneDrive/Desktop/projects/SportSync/backend/src/main/java/com/sportsync/service/UserService.java:[153,24] cannot find symbol
  symbol:   method getEmail()
  location: variable user of type com.sportsync.entity.User
[ERROR] /C:/Users/neera/OneDrive/Desktop/projects/SportSync/backend/src/main/java/com/sportsync/service/EventService.java:[40,14] cannot find symbol
  symbol:   method setOrganizer(com.sportsync.entity.User)
  location: variable event of type com.sportsync.entity.Event
[ERROR] /C:/Users/neera/OneDrive/Desktop/projects/SportSync/backend/src/main/java/com/sportsync/service/EventService.java:[41,14] cannot find symbol
  symbol:   method setSportType(java.lang.String)
  location: variable event of type com.sportsync.entity.Event
[ERROR] /C:/Users/neera/OneDrive/Desktop/projects/SportSync/backend/src/main/java/com/sportsync/service/EventService.java:[43,14] cannot find symbol
  symbol:   method setLatitude(double)
  location: variable event of type com.sportsync.entity.Event
[ERROR] /C:/Users/neera/OneDrive/Desktop/projects/SportSync/backend/src/main/java/com/sportsync/service/EventService.java:[44,14] cannot find symbol
  symbol:   method setLongitude(double)
  location: variable event of type com.sportsync.entity.Event
[ERROR] /C:/Users/neera/OneDrive/Desktop/projects/SportSync/backend/src/main/java/com/sportsync/service/EventService.java:[46,14] cannot find symbol
  symbol:   method setDateTime(java.time.LocalDateTime)
  location: variable event of type com.sportsync.entity.Event
[ERROR] /C:/Users/neera/OneDrive/Desktop/projects/SportSync/backend/src/main/java/com/sportsync/service/EventService.java:[47,14] cannot find symbol
  symbol:   method setMaxPlayerCount(int)
  location: variable event of type com.sportsync.entity.Event
[ERROR] /C:/Users/neera/OneDrive/Desktop/projects/SportSync/backend/src/main/java/com/sportsync/service/EventService.java:[48,14] cannot find symbol
  symbol:   method setRequiredSkillLevel(com.sportsync.entity.SkillLevel)
  location: variable event of type com.sportsync.entity.Event
[ERROR] /C:/Users/neera/OneDrive/Desktop/projects/SportSync/backend/src/main/java/com/sportsync/service/EventService.java:[49,14] cannot find symbol
  symbol:   method setStatus(com.sportsync.entity.EventStatus)
  location: variable event of type com.sportsync.entity.Event
[ERROR] /C:/Users/neera/OneDrive/Desktop/projects/SportSync/backend/src/main/java/com/sportsync/service/EventService.java:[57,59] cannot find symbol
  symbol:   method getLatitude()
  location: variable e of type com.sportsync.entity.Event
[ERROR] /C:/Users/neera/OneDrive/Desktop/projects/SportSync/backend/src/main/java/com/sportsync/service/EventService.java:[57,76] cannot find symbol
  symbol:   method getLongitude()
  location: variable e of type com.sportsync.entity.Event
[ERROR] /C:/Users/neera/OneDrive/Desktop/projects/SportSync/backend/src/main/java/com/sportsync/service/EventService.java:[70,25] cannot find symbol
  symbol:   method getOrganizer()
  location: variable event of type com.sportsync.entity.Event
[ERROR] /C:/Users/neera/OneDrive/Desktop/projects/SportSync/backend/src/main/java/com/sportsync/service/RosterService.java:[39,18] cannot find symbol
  symbol:   method getStatus()
  location: variable event of type com.sportsync.entity.Event
[ERROR] /C:/Users/neera/OneDrive/Desktop/projects/SportSync/backend/src/main/java/com/sportsync/service/RosterService.java:[40,81] cannot find symbol
  symbol:   method getStatus()
  location: variable event of type com.sportsync.entity.Event
[ERROR] /C:/Users/neera/OneDrive/Desktop/projects/SportSync/backend/src/main/java/com/sportsync/service/RosterService.java:[50,36] cannot find symbol
  symbol:   method getMaxPlayerCount()
  location: variable event of type com.sportsync.entity.Event
[ERROR] /C:/Users/neera/OneDrive/Desktop/projects/SportSync/backend/src/main/java/com/sportsync/service/RosterService.java:[51,98] cannot find symbol
  symbol:   method getMaxPlayerCount()
  location: variable event of type com.sportsync.entity.Event
[ERROR] /C:/Users/neera/OneDrive/Desktop/projects/SportSync/backend/src/main/java/com/sportsync/service/RosterService.java:[58,15] cannot find symbol
  symbol:   method setEvent(com.sportsync.entity.Event)
  location: variable roster of type com.sportsync.entity.Roster
[ERROR] /C:/Users/neera/OneDrive/Desktop/projects/SportSync/backend/src/main/java/com/sportsync/service/RosterService.java:[59,15] cannot find symbol
  symbol:   method setUser(com.sportsync.entity.User)
  location: variable roster of type com.sportsync.entity.Roster
[ERROR] /C:/Users/neera/OneDrive/Desktop/projects/SportSync/backend/src/main/java/com/sportsync/service/RosterService.java:[60,15] cannot find symbol
  symbol:   method setJoinedAt(java.time.LocalDateTime)
  location: variable roster of type com.sportsync.entity.Roster
[ERROR] /C:/Users/neera/OneDrive/Desktop/projects/SportSync/backend/src/main/java/com/sportsync/service/RosterService.java:[65,40] cannot find symbol
  symbol:   method getMaxPlayerCount()
  location: variable event of type com.sportsync.entity.Event
[ERROR] /C:/Users/neera/OneDrive/Desktop/projects/SportSync/backend/src/main/java/com/sportsync/service/RosterService.java:[66,18] cannot find symbol
  symbol:   method setStatus(com.sportsync.entity.EventStatus)
  location: variable event of type com.sportsync.entity.Event
[ERROR] /C:/Users/neera/OneDrive/Desktop/projects/SportSync/backend/src/main/java/com/sportsync/dto/UserResponseDTO.java:[14,17] cannot find symbol
  symbol:   method getId()
  location: variable user of type com.sportsync.entity.User
[ERROR] /C:/Users/neera/OneDrive/Desktop/projects/SportSync/backend/src/main/java/com/sportsync/dto/UserResponseDTO.java:[15,17] cannot find symbol
  symbol:   method getName()
  location: variable user of type com.sportsync.entity.User
[ERROR] /C:/Users/neera/OneDrive/Desktop/projects/SportSync/backend/src/main/java/com/sportsync/dto/UserResponseDTO.java:[16,17] cannot find symbol
  symbol:   method getReputationScore()
  location: variable user of type com.sportsync.entity.User
[ERROR] /C:/Users/neera/OneDrive/Desktop/projects/SportSync/backend/src/main/java/com/sportsync/dto/UserResponseDTO.java:[17,17] cannot find symbol
  symbol:   method getSkillLevel()
  location: variable user of type com.sportsync.entity.User
[ERROR] /C:/Users/neera/OneDrive/Desktop/projects/SportSync/backend/src/main/java/com/sportsync/config/DatabaseConfig.java:[41,13] cannot find symbol
  symbol:   variable log
  location: class com.sportsync.config.DatabaseConfig
[ERROR] /C:/Users/neera/OneDrive/Desktop/projects/SportSync/backend/src/main/java/com/sportsync/config/DatabaseConfig.java:[42,13] cannot find symbol
  symbol:   variable log
  location: class com.sportsync.config.DatabaseConfig
[ERROR] /C:/Users/neera/OneDrive/Desktop/projects/SportSync/backend/src/main/java/com/sportsync/config/DatabaseConfig.java:[43,13] cannot find symbol
  symbol:   variable log
  location: class com.sportsync.config.DatabaseConfig
[ERROR] /C:/Users/neera/OneDrive/Desktop/projects/SportSync/backend/src/main/java/com/sportsync/config/DatabaseConfig.java:[48,17] cannot find symbol
  symbol:   variable log
  location: class com.sportsync.config.DatabaseConfig
[ERROR] /C:/Users/neera/OneDrive/Desktop/projects/SportSync/backend/src/main/java/com/sportsync/config/DatabaseConfig.java:[50,17] cannot find symbol
  symbol:   variable log
  location: class com.sportsync.config.DatabaseConfig
[ERROR] /C:/Users/neera/OneDrive/Desktop/projects/SportSync/backend/src/main/java/com/sportsync/config/DatabaseConfig.java:[57,13] cannot find symbol
  symbol:   variable log
  location: class com.sportsync.config.DatabaseConfig
[ERROR] /C:/Users/neera/OneDrive/Desktop/projects/SportSync/backend/src/main/java/com/sportsync/config/DatabaseConfig.java:[82,13] cannot find symbol
  symbol:   variable log
  location: class com.sportsync.config.DatabaseConfig
[ERROR] /C:/Users/neera/OneDrive/Desktop/projects/SportSync/backend/src/main/java/com/sportsync/config/DatabaseConfig.java:[93,13] cannot find symbol
  symbol:   variable log
  location: class com.sportsync.config.DatabaseConfig
[ERROR] /C:/Users/neera/OneDrive/Desktop/projects/SportSync/backend/src/main/java/com/sportsync/security/JwtAuthenticationFilter.java:[72,70] cannot find symbol
  symbol:   method getRole()
  location: variable user of type com.sportsync.entity.User
[ERROR] /C:/Users/neera/OneDrive/Desktop/projects/SportSync/backend/src/main/java/com/sportsync/security/JwtAuthenticationFilter.java:[84,106] cannot find symbol
  symbol:   method getRole()
  location: variable user of type com.sportsync.entity.User
[ERROR] /C:/Users/neera/OneDrive/Desktop/projects/SportSync/backend/src/main/java/com/sportsync/service/MatchmakingService.java:[31,27] cannot find symbol
  symbol:   method getLongitude()
  location: variable event of type com.sportsync.entity.Event
[ERROR] /C:/Users/neera/OneDrive/Desktop/projects/SportSync/backend/src/main/java/com/sportsync/service/MatchmakingService.java:[32,27] cannot find symbol
  symbol:   method getLatitude()
  location: variable event of type com.sportsync.entity.Event
[ERROR] /C:/Users/neera/OneDrive/Desktop/projects/SportSync/backend/src/main/java/com/sportsync/service/MatchmakingService.java:[36,18] cannot find symbol
  symbol:   method getRequiredSkillLevel()
  location: variable event of type com.sportsync.entity.Event
[ERROR] /C:/Users/neera/OneDrive/Desktop/projects/SportSync/backend/src/main/java/com/sportsync/service/MatchmakingService.java:[37,18] cannot find symbol
  symbol:   method getSportType()
  location: variable event of type com.sportsync.entity.Event
[ERROR] /C:/Users/neera/OneDrive/Desktop/projects/SportSync/backend/src/main/java/com/sportsync/service/MatchmakingService.java:[42,59] cannot find symbol
  symbol:   method getLatitude()
  location: variable u of type com.sportsync.entity.User
[ERROR] /C:/Users/neera/OneDrive/Desktop/projects/SportSync/backend/src/main/java/com/sportsync/service/MatchmakingService.java:[42,76] cannot find symbol
  symbol:   method getLongitude()
  location: variable u of type com.sportsync.entity.User
[ERROR] /C:/Users/neera/OneDrive/Desktop/projects/SportSync/backend/src/main/java/com/sportsync/dto/EventResponseDTO.java:[21,18] cannot find symbol
  symbol:   method getId()
  location: variable event of type com.sportsync.entity.Event
[ERROR] /C:/Users/neera/OneDrive/Desktop/projects/SportSync/backend/src/main/java/com/sportsync/dto/EventResponseDTO.java:[22,18] cannot find symbol
  symbol:   method getOrganizer()
  location: variable event of type com.sportsync.entity.Event
[ERROR] /C:/Users/neera/OneDrive/Desktop/projects/SportSync/backend/src/main/java/com/sportsync/dto/EventResponseDTO.java:[23,18] cannot find symbol
  symbol:   method getSportType()
  location: variable event of type com.sportsync.entity.Event
[ERROR] /C:/Users/neera/OneDrive/Desktop/projects/SportSync/backend/src/main/java/com/sportsync/dto/EventResponseDTO.java:[24,18] cannot find symbol
  symbol:   method getLatitude()
  location: variable event of type com.sportsync.entity.Event
[ERROR] /C:/Users/neera/OneDrive/Desktop/projects/SportSync/backend/src/main/java/com/sportsync/dto/EventResponseDTO.java:[25,18] cannot find symbol
  symbol:   method getLongitude()
  location: variable event of type com.sportsync.entity.Event
[ERROR] /C:/Users/neera/OneDrive/Desktop/projects/SportSync/backend/src/main/java/com/sportsync/dto/EventResponseDTO.java:[26,18] cannot find symbol
  symbol:   method getDateTime()
  location: variable event of type com.sportsync.entity.Event
[ERROR] /C:/Users/neera/OneDrive/Desktop/projects/SportSync/backend/src/main/java/com/sportsync/dto/EventResponseDTO.java:[27,18] cannot find symbol
  symbol:   method getMaxPlayerCount()
  location: variable event of type com.sportsync.entity.Event
[ERROR] /C:/Users/neera/OneDrive/Desktop/projects/SportSync/backend/src/main/java/com/sportsync/dto/EventResponseDTO.java:[28,18] cannot find symbol
  symbol:   method getRequiredSkillLevel()
  location: variable event of type com.sportsync.entity.Event
[ERROR] /C:/Users/neera/OneDrive/Desktop/projects/SportSync/backend/src/main/java/com/sportsync/dto/EventResponseDTO.java:[29,18] cannot find symbol
  symbol:   method getStatus()
  location: variable event of type com.sportsync.entity.Event
[ERROR] /C:/Users/neera/OneDrive/Desktop/projects/SportSync/backend/src/main/java/com/sportsync/SportSyncApplication.java:[37,21] cannot find symbol
  symbol:   method setName(java.lang.String)
  location: variable user of type com.sportsync.entity.User
[ERROR] /C:/Users/neera/OneDrive/Desktop/projects/SportSync/backend/src/main/java/com/sportsync/SportSyncApplication.java:[38,21] cannot find symbol
  symbol:   method setEmail(java.lang.String)
  location: variable user of type com.sportsync.entity.User
[ERROR] /C:/Users/neera/OneDrive/Desktop/projects/SportSync/backend/src/main/java/com/sportsync/SportSyncApplication.java:[39,21] cannot find symbol
  symbol:   method setPassword(java.lang.String)
  location: variable user of type com.sportsync.entity.User
[ERROR] /C:/Users/neera/OneDrive/Desktop/projects/SportSync/backend/src/main/java/com/sportsync/SportSyncApplication.java:[40,21] cannot find symbol
  symbol:   method setSkillLevel(com.sportsync.entity.SkillLevel)
  location: variable user of type com.sportsync.entity.User
[ERROR] /C:/Users/neera/OneDrive/Desktop/projects/SportSync/backend/src/main/java/com/sportsync/SportSyncApplication.java:[41,21] cannot find symbol
  symbol:   method setLatitude(double)
  location: variable user of type com.sportsync.entity.User
[ERROR] /C:/Users/neera/OneDrive/Desktop/projects/SportSync/backend/src/main/java/com/sportsync/SportSyncApplication.java:[42,21] cannot find symbol
  symbol:   method setLongitude(double)
  location: variable user of type com.sportsync.entity.User
[ERROR] /C:/Users/neera/OneDrive/Desktop/projects/SportSync/backend/src/main/java/com/sportsync/SportSyncApplication.java:[43,21] cannot find symbol
  symbol:   method setReputationScore(double)
  location: variable user of type com.sportsync.entity.User
[ERROR] /C:/Users/neera/OneDrive/Desktop/projects/SportSync/backend/src/main/java/com/sportsync/SportSyncApplication.java:[44,21] cannot find symbol
  symbol:   method setPreferredSports(java.util.List<java.lang.String>)
  location: variable user of type com.sportsync.entity.User
[ERROR] /C:/Users/neera/OneDrive/Desktop/projects/SportSync/backend/src/main/java/com/sportsync/SportSyncApplication.java:[45,21] cannot find symbol
  symbol:   method setRole(com.sportsync.entity.Role)
  location: variable user of type com.sportsync.entity.User
[ERROR] /C:/Users/neera/OneDrive/Desktop/projects/SportSync/backend/src/main/java/com/sportsync/SportSyncApplication.java:[50,22] cannot find symbol
  symbol:   method setName(java.lang.String)
  location: variable admin of type com.sportsync.entity.User
[ERROR] /C:/Users/neera/OneDrive/Desktop/projects/SportSync/backend/src/main/java/com/sportsync/SportSyncApplication.java:[51,22] cannot find symbol
  symbol:   method setEmail(java.lang.String)
  location: variable admin of type com.sportsync.entity.User
[ERROR] /C:/Users/neera/OneDrive/Desktop/projects/SportSync/backend/src/main/java/com/sportsync/SportSyncApplication.java:[52,22] cannot find symbol
  symbol:   method setPassword(java.lang.String)
  location: variable admin of type com.sportsync.entity.User
[ERROR] /C:/Users/neera/OneDrive/Desktop/projects/SportSync/backend/src/main/java/com/sportsync/SportSyncApplication.java:[53,22] cannot find symbol
  symbol:   method setSkillLevel(com.sportsync.entity.SkillLevel)
  location: variable admin of type com.sportsync.entity.User
[ERROR] /C:/Users/neera/OneDrive/Desktop/projects/SportSync/backend/src/main/java/com/sportsync/SportSyncApplication.java:[54,22] cannot find symbol
  symbol:   method setLatitude(double)
  location: variable admin of type com.sportsync.entity.User
[ERROR] /C:/Users/neera/OneDrive/Desktop/projects/SportSync/backend/src/main/java/com/sportsync/SportSyncApplication.java:[55,22] cannot find symbol
  symbol:   method setLongitude(double)
  location: variable admin of type com.sportsync.entity.User
[ERROR] /C:/Users/neera/OneDrive/Desktop/projects/SportSync/backend/src/main/java/com/sportsync/SportSyncApplication.java:[56,22] cannot find symbol
  symbol:   method setReputationScore(double)
  location: variable admin of type com.sportsync.entity.User
[ERROR] /C:/Users/neera/OneDrive/Desktop/projects/SportSync/backend/src/main/java/com/sportsync/SportSyncApplication.java:[57,22] cannot find symbol
  symbol:   method setPreferredSports(java.util.List<java.lang.String>)
  location: variable admin of type com.sportsync.entity.User
[ERROR] /C:/Users/neera/OneDrive/Desktop/projects/SportSync/backend/src/main/java/com/sportsync/SportSyncApplication.java:[58,22] cannot find symbol
  symbol:   method setRole(com.sportsync.entity.Role)
  location: variable admin of type com.sportsync.entity.User
[ERROR] /C:/Users/neera/OneDrive/Desktop/projects/SportSync/backend/src/main/java/com/sportsync/controller/AuthController.java:[36,54] cannot find symbol
  symbol:   method getEmail()
  location: variable user of type com.sportsync.entity.User
[ERROR] /C:/Users/neera/OneDrive/Desktop/projects/SportSync/backend/src/main/java/com/sportsync/controller/AuthController.java:[38,73] cannot find symbol
  symbol:   method getId()
  location: variable user of type com.sportsync.entity.User
[ERROR] /C:/Users/neera/OneDrive/Desktop/projects/SportSync/backend/src/main/java/com/sportsync/controller/AuthController.java:[40,58] cannot find symbol
  symbol:   method getId()
  location: variable user of type com.sportsync.entity.User
[ERROR] /C:/Users/neera/OneDrive/Desktop/projects/SportSync/backend/src/main/java/com/sportsync/controller/AuthController.java:[40,72] cannot find symbol
  symbol:   method getName()
  location: variable user of type com.sportsync.entity.User
[ERROR] /C:/Users/neera/OneDrive/Desktop/projects/SportSync/backend/src/main/java/com/sportsync/controller/AuthController.java:[52,54] cannot find symbol
  symbol:   method getEmail()
  location: variable user of type com.sportsync.entity.User
[ERROR] /C:/Users/neera/OneDrive/Desktop/projects/SportSync/backend/src/main/java/com/sportsync/controller/AuthController.java:[54,68] cannot find symbol
  symbol:   method getEmail()
  location: variable user of type com.sportsync.entity.User
[ERROR] /C:/Users/neera/OneDrive/Desktop/projects/SportSync/backend/src/main/java/com/sportsync/controller/AuthController.java:[55,69] cannot find symbol
  symbol:   method getId()
  location: variable user of type com.sportsync.entity.User
[ERROR] /C:/Users/neera/OneDrive/Desktop/projects/SportSync/backend/src/main/java/com/sportsync/controller/AuthController.java:[55,83] cannot find symbol
  symbol:   method getName()
  location: variable user of type com.sportsync.entity.User
[INFO] 98 errors 
[INFO] -------------------------------------------------------------
[INFO] ------------------------------------------------------------------------
[INFO] BUILD FAILURE
[INFO] ------------------------------------------------------------------------
[INFO] Total time:  3.161 s
[INFO] Finished at: 2026-03-25T23:32:45+05:30
[INFO] ------------------------------------------------------------------------
[ERROR] Failed to execute goal org.apache.maven.plugins:maven-compiler-plugin:3.11.0:compile (default-compile) on project sportsync: Compilation failure: Compilation failure: 
[ERROR] /C:/Users/neera/OneDrive/Desktop/projects/SportSync/backend/src/main/java/com/sportsync/dto/UserUpdateDTO.java:[19,10] annotation @com.sportsync.validation.Sanitized not applicable in this type context
[ERROR] /C:/Users/neera/OneDrive/Desktop/projects/SportSync/backend/src/main/java/com/sportsync/service/ReviewService.java:[36,15] cannot find symbol
[ERROR]   symbol:   method setReviewer(com.sportsync.entity.User)
[ERROR]   location: variable review of type com.sportsync.entity.Review
[ERROR] /C:/Users/neera/OneDrive/Desktop/projects/SportSync/backend/src/main/java/com/sportsync/service/ReviewService.java:[37,15] cannot find symbol
[ERROR]   symbol:   method setReviewee(com.sportsync.entity.User)
[ERROR]   location: variable review of type com.sportsync.entity.Review
[ERROR] /C:/Users/neera/OneDrive/Desktop/projects/SportSync/backend/src/main/java/com/sportsync/service/ReviewService.java:[38,15] cannot find symbol
[ERROR]   symbol:   method setEvent(com.sportsync.entity.Event)
[ERROR]   location: variable review of type com.sportsync.entity.Review
[ERROR] /C:/Users/neera/OneDrive/Desktop/projects/SportSync/backend/src/main/java/com/sportsync/service/ReviewService.java:[39,15] cannot find symbol
[ERROR]   symbol:   method setRating(java.lang.Integer)
[ERROR]   location: variable review of type com.sportsync.entity.Review
[ERROR] /C:/Users/neera/OneDrive/Desktop/projects/SportSync/backend/src/main/java/com/sportsync/service/ReviewService.java:[40,15] cannot find symbol
[ERROR]   symbol:   method setComment(java.lang.String)
[ERROR]   location: variable review of type com.sportsync.entity.Review
[ERROR] /C:/Users/neera/OneDrive/Desktop/projects/SportSync/backend/src/main/java/com/sportsync/service/ReviewService.java:[41,15] cannot find symbol
[ERROR]   symbol:   method setCreatedAt(java.time.LocalDateTime)
[ERROR]   location: variable review of type com.sportsync.entity.Review
[ERROR] /C:/Users/neera/OneDrive/Desktop/projects/SportSync/backend/src/main/java/com/sportsync/service/UserService.java:[58,13] cannot find symbol
[ERROR]   symbol:   method setName(@jakarta.validation.constraints.NotBlank(message="Name is required"),@jakarta.validation.constraints.Size(max=255, message="Name must not exceed 255 characters") java.lang.String)
[ERROR]   location: variable user of type com.sportsync.entity.User
[ERROR] /C:/Users/neera/OneDrive/Desktop/projects/SportSync/backend/src/main/java/com/sportsync/service/UserService.java:[59,13] cannot find symbol
[ERROR]   symbol:   method setEmail(@jakarta.validation.constraints.NotBlank(message="Email is required"),@jakarta.validation.constraints.Email(message="Email must be valid"),@jakarta.validation.constraints.Size(max=255, message="Email must not exceed 255 characters") java.lang.String)
[ERROR]   location: variable user of type com.sportsync.entity.User
[ERROR] /C:/Users/neera/OneDrive/Desktop/projects/SportSync/backend/src/main/java/com/sportsync/service/UserService.java:[60,13] cannot find symbol
[ERROR]   symbol:   method setPassword(java.lang.String)
[ERROR]   location: variable user of type com.sportsync.entity.User
[ERROR] /C:/Users/neera/OneDrive/Desktop/projects/SportSync/backend/src/main/java/com/sportsync/service/UserService.java:[61,13] cannot find symbol
[ERROR]   symbol:   method setSkillLevel(@jakarta.validation.constraints.NotNull(message="Skill level is required") com.sportsync.entity.SkillLevel)
[ERROR]   location: variable user of type com.sportsync.entity.User
[ERROR] /C:/Users/neera/OneDrive/Desktop/projects/SportSync/backend/src/main/java/com/sportsync/service/UserService.java:[62,13] cannot find symbol
[ERROR]   symbol:   method setLatitude(@jakarta.validation.constraints.NotNull(message="Latitude is required"),@jakarta.validation.constraints.DecimalMin(value="-90.0", message="Latitude must be between -90 and 90"),@jakarta.validation.constraints.DecimalMax(value="90.0", message="Latitude must be between -90 and 90") java.lang.Double)
[ERROR]   location: variable user of type com.sportsync.entity.User
[ERROR] /C:/Users/neera/OneDrive/Desktop/projects/SportSync/backend/src/main/java/com/sportsync/service/UserService.java:[63,13] cannot find symbol
[ERROR]   symbol:   method setLongitude(@jakarta.validation.constraints.NotNull(message="Longitude is required"),@jakarta.validation.constraints.DecimalMin(value="-180.0", message="Longitude must be between -180 and 180"),@jakarta.validation.constraints.DecimalMax(value="180.0", message="Longitude must be between -180 and 180") java.lang.Double)
[ERROR]   location: variable user of type com.sportsync.entity.User
[ERROR] /C:/Users/neera/OneDrive/Desktop/projects/SportSync/backend/src/main/java/com/sportsync/service/UserService.java:[64,13] cannot find symbol
[ERROR]   symbol:   method setPreferredSports(@jakarta.validation.constraints.NotEmpty(message="At least one preferred sport is required") java.util.List<java.lang.String>)
[ERROR]   location: variable user of type com.sportsync.entity.User
[ERROR] /C:/Users/neera/OneDrive/Desktop/projects/SportSync/backend/src/main/java/com/sportsync/service/UserService.java:[65,13] cannot find symbol
[ERROR]   symbol:   method setReputationScore(double)
[ERROR]   location: variable user of type com.sportsync.entity.User
[ERROR] /C:/Users/neera/OneDrive/Desktop/projects/SportSync/backend/src/main/java/com/sportsync/service/UserService.java:[87,52] cannot find symbol
[ERROR]   symbol:   method getPassword()
[ERROR]   location: variable user of type com.sportsync.entity.User
[ERROR] /C:/Users/neera/OneDrive/Desktop/projects/SportSync/backend/src/main/java/com/sportsync/service/UserService.java:[109,13] cannot find symbol
[ERROR]   symbol:   method setReputationScore(java.lang.Double)
[ERROR]   location: variable user of type com.sportsync.entity.User
[ERROR] /C:/Users/neera/OneDrive/Desktop/projects/SportSync/backend/src/main/java/com/sportsync/service/UserService.java:[122,21] cannot find symbol
[ERROR]   symbol:   method setName(@jakarta.validation.constraints.NotBlank(message="Name is required"),@jakarta.validation.constraints.Size(min=2, max=255, message="Name must be between 2 and 255 characters") java.lang.String)
[ERROR]   location: variable existingUser of type com.sportsync.entity.User
[ERROR] /C:/Users/neera/OneDrive/Desktop/projects/SportSync/backend/src/main/java/com/sportsync/service/UserService.java:[123,21] cannot find symbol
[ERROR]   symbol:   method setSkillLevel(@jakarta.validation.constraints.NotNull(message="Skill level is required") com.sportsync.entity.SkillLevel)
[ERROR]   location: variable existingUser of type com.sportsync.entity.User
[ERROR] /C:/Users/neera/OneDrive/Desktop/projects/SportSync/backend/src/main/java/com/sportsync/service/UserService.java:[124,21] cannot find symbol
[ERROR]   symbol:   method setLatitude(@jakarta.validation.constraints.NotNull(message="Latitude is required"),@jakarta.validation.constraints.DecimalMin(value="-90.0", message="Latitude must be between -90 and 90"),@jakarta.validation.constraints.DecimalMax(value="90.0", message="Latitude must be between -90 and 90") java.lang.Double)
[ERROR]   location: variable existingUser of type com.sportsync.entity.User
[ERROR] /C:/Users/neera/OneDrive/Desktop/projects/SportSync/backend/src/main/java/com/sportsync/service/UserService.java:[125,21] cannot find symbol
[ERROR]   symbol:   method setLongitude(@jakarta.validation.constraints.NotNull(message="Longitude is required"),@jakarta.validation.constraints.DecimalMin(value="-180.0", message="Longitude must be between -180 and 180"),@jakarta.validation.constraints.DecimalMax(value="180.0", message="Longitude must be between -180 and 180") java.lang.Double)
[ERROR]   location: variable existingUser of type com.sportsync.entity.User
[ERROR] /C:/Users/neera/OneDrive/Desktop/projects/SportSync/backend/src/main/java/com/sportsync/service/UserService.java:[126,21] cannot find symbol
[ERROR]   symbol:   method setPreferredSports(@jakarta.validation.constraints.NotEmpty(message="At least one preferred sport is required"),@jakarta.validation.constraints.Size(max=10, message="Cannot have more than 10 preferred sports") java.util.List<@jakarta.validation.constraints.NotBlank(message="Sport name cannot be blank"),@jakarta.validation.constraints.Size(max=100, message="Sport name must not exceed 100 characters"),@com.sportsync.validation.Sanitized(value=STRICT, message="Sport name contains invalid characters") java.lang.String>)
[ERROR]   location: variable existingUser of type com.sportsync.entity.User
[ERROR] /C:/Users/neera/OneDrive/Desktop/projects/SportSync/backend/src/main/java/com/sportsync/service/UserService.java:[153,24] cannot find symbol
[ERROR]   symbol:   method getEmail()
[ERROR]   location: variable user of type com.sportsync.entity.User
[ERROR] /C:/Users/neera/OneDrive/Desktop/projects/SportSync/backend/src/main/java/com/sportsync/service/EventService.java:[40,14] cannot find symbol
[ERROR]   symbol:   method setOrganizer(com.sportsync.entity.User)
[ERROR]   location: variable event of type com.sportsync.entity.Event
[ERROR] /C:/Users/neera/OneDrive/Desktop/projects/SportSync/backend/src/main/java/com/sportsync/service/EventService.java:[41,14] cannot find symbol
[ERROR]   symbol:   method setSportType(java.lang.String)
[ERROR]   location: variable event of type com.sportsync.entity.Event
[ERROR] /C:/Users/neera/OneDrive/Desktop/projects/SportSync/backend/src/main/java/com/sportsync/service/EventService.java:[43,14] cannot find symbol
[ERROR]   symbol:   method setLatitude(double)
[ERROR]   location: variable event of type com.sportsync.entity.Event
[ERROR] /C:/Users/neera/OneDrive/Desktop/projects/SportSync/backend/src/main/java/com/sportsync/service/EventService.java:[44,14] cannot find symbol
[ERROR]   symbol:   method setLongitude(double)
[ERROR]   location: variable event of type com.sportsync.entity.Event
[ERROR] /C:/Users/neera/OneDrive/Desktop/projects/SportSync/backend/src/main/java/com/sportsync/service/EventService.java:[46,14] cannot find symbol
[ERROR]   symbol:   method setDateTime(java.time.LocalDateTime)
[ERROR]   location: variable event of type com.sportsync.entity.Event
[ERROR] /C:/Users/neera/OneDrive/Desktop/projects/SportSync/backend/src/main/java/com/sportsync/service/EventService.java:[47,14] cannot find symbol
[ERROR]   symbol:   method setMaxPlayerCount(int)
[ERROR]   location: variable event of type com.sportsync.entity.Event
[ERROR] /C:/Users/neera/OneDrive/Desktop/projects/SportSync/backend/src/main/java/com/sportsync/service/EventService.java:[48,14] cannot find symbol
[ERROR]   symbol:   method setRequiredSkillLevel(com.sportsync.entity.SkillLevel)
[ERROR]   location: variable event of type com.sportsync.entity.Event
[ERROR] /C:/Users/neera/OneDrive/Desktop/projects/SportSync/backend/src/main/java/com/sportsync/service/EventService.java:[49,14] cannot find symbol
[ERROR]   symbol:   method setStatus(com.sportsync.entity.EventStatus)
[ERROR]   location: variable event of type com.sportsync.entity.Event
[ERROR] /C:/Users/neera/OneDrive/Desktop/projects/SportSync/backend/src/main/java/com/sportsync/service/EventService.java:[57,59] cannot find symbol
[ERROR]   symbol:   method getLatitude()
[ERROR]   location: variable e of type com.sportsync.entity.Event
[ERROR] /C:/Users/neera/OneDrive/Desktop/projects/SportSync/backend/src/main/java/com/sportsync/service/EventService.java:[57,76] cannot find symbol
[ERROR]   symbol:   method getLongitude()
[ERROR]   location: variable e of type com.sportsync.entity.Event
[ERROR] /C:/Users/neera/OneDrive/Desktop/projects/SportSync/backend/src/main/java/com/sportsync/service/EventService.java:[70,25] cannot find symbol
[ERROR]   symbol:   method getOrganizer()
[ERROR]   location: variable event of type com.sportsync.entity.Event
[ERROR] /C:/Users/neera/OneDrive/Desktop/projects/SportSync/backend/src/main/java/com/sportsync/service/RosterService.java:[39,18] cannot find symbol
[ERROR]   symbol:   method getStatus()
[ERROR]   location: variable event of type com.sportsync.entity.Event
[ERROR] /C:/Users/neera/OneDrive/Desktop/projects/SportSync/backend/src/main/java/com/sportsync/service/RosterService.java:[40,81] cannot find symbol
[ERROR]   symbol:   method getStatus()
[ERROR]   location: variable event of type com.sportsync.entity.Event
[ERROR] /C:/Users/neera/OneDrive/Desktop/projects/SportSync/backend/src/main/java/com/sportsync/service/RosterService.java:[50,36] cannot find symbol
[ERROR]   symbol:   method getMaxPlayerCount()
[ERROR]   location: variable event of type com.sportsync.entity.Event
[ERROR] /C:/Users/neera/OneDrive/Desktop/projects/SportSync/backend/src/main/java/com/sportsync/service/RosterService.java:[51,98] cannot find symbol
[ERROR]   symbol:   method getMaxPlayerCount()
[ERROR]   location: variable event of type com.sportsync.entity.Event
[ERROR] /C:/Users/neera/OneDrive/Desktop/projects/SportSync/backend/src/main/java/com/sportsync/service/RosterService.java:[58,15] cannot find symbol
[ERROR]   symbol:   method setEvent(com.sportsync.entity.Event)
[ERROR]   location: variable roster of type com.sportsync.entity.Roster
[ERROR] /C:/Users/neera/OneDrive/Desktop/projects/SportSync/backend/src/main/java/com/sportsync/service/RosterService.java:[59,15] cannot find symbol
[ERROR]   symbol:   method setUser(com.sportsync.entity.User)
[ERROR]   location: variable roster of type com.sportsync.entity.Roster
[ERROR] /C:/Users/neera/OneDrive/Desktop/projects/SportSync/backend/src/main/java/com/sportsync/service/RosterService.java:[60,15] cannot find symbol
[ERROR]   symbol:   method setJoinedAt(java.time.LocalDateTime)
[ERROR]   location: variable roster of type com.sportsync.entity.Roster
[ERROR] /C:/Users/neera/OneDrive/Desktop/projects/SportSync/backend/src/main/java/com/sportsync/service/RosterService.java:[65,40] cannot find symbol
[ERROR]   symbol:   method getMaxPlayerCount()
[ERROR]   location: variable event of type com.sportsync.entity.Event
[ERROR] /C:/Users/neera/OneDrive/Desktop/projects/SportSync/backend/src/main/java/com/sportsync/service/RosterService.java:[66,18] cannot find symbol
[ERROR]   symbol:   method setStatus(com.sportsync.entity.EventStatus)
[ERROR]   location: variable event of type com.sportsync.entity.Event
[ERROR] /C:/Users/neera/OneDrive/Desktop/projects/SportSync/backend/src/main/java/com/sportsync/dto/UserResponseDTO.java:[14,17] cannot find symbol
[ERROR]   symbol:   method getId()
[ERROR]   location: variable user of type com.sportsync.entity.User
[ERROR] /C:/Users/neera/OneDrive/Desktop/projects/SportSync/backend/src/main/java/com/sportsync/dto/UserResponseDTO.java:[15,17] cannot find symbol
[ERROR]   symbol:   method getName()
[ERROR]   location: variable user of type com.sportsync.entity.User
[ERROR] /C:/Users/neera/OneDrive/Desktop/projects/SportSync/backend/src/main/java/com/sportsync/dto/UserResponseDTO.java:[16,17] cannot find symbol
[ERROR]   symbol:   method getReputationScore()
[ERROR]   location: variable user of type com.sportsync.entity.User
[ERROR] /C:/Users/neera/OneDrive/Desktop/projects/SportSync/backend/src/main/java/com/sportsync/dto/UserResponseDTO.java:[17,17] cannot find symbol
[ERROR]   symbol:   method getSkillLevel()
[ERROR]   location: variable user of type com.sportsync.entity.User
[ERROR] /C:/Users/neera/OneDrive/Desktop/projects/SportSync/backend/src/main/java/com/sportsync/config/DatabaseConfig.java:[41,13] cannot find symbol
[ERROR]   symbol:   variable log
[ERROR]   location: class com.sportsync.config.DatabaseConfig
[ERROR] /C:/Users/neera/OneDrive/Desktop/projects/SportSync/backend/src/main/java/com/sportsync/config/DatabaseConfig.java:[42,13] cannot find symbol
[ERROR]   symbol:   variable log
[ERROR]   location: class com.sportsync.config.DatabaseConfig
[ERROR] /C:/Users/neera/OneDrive/Desktop/projects/SportSync/backend/src/main/java/com/sportsync/config/DatabaseConfig.java:[43,13] cannot find symbol
[ERROR]   symbol:   variable log
[ERROR]   location: class com.sportsync.config.DatabaseConfig
[ERROR] /C:/Users/neera/OneDrive/Desktop/projects/SportSync/backend/src/main/java/com/sportsync/config/DatabaseConfig.java:[48,17] cannot find symbol
[ERROR]   symbol:   variable log
[ERROR]   location: class com.sportsync.config.DatabaseConfig
[ERROR] /C:/Users/neera/OneDrive/Desktop/projects/SportSync/backend/src/main/java/com/sportsync/config/DatabaseConfig.java:[50,17] cannot find symbol
[ERROR]   symbol:   variable log
[ERROR]   location: class com.sportsync.config.DatabaseConfig
[ERROR] /C:/Users/neera/OneDrive/Desktop/projects/SportSync/backend/src/main/java/com/sportsync/config/DatabaseConfig.java:[57,13] cannot find symbol
[ERROR]   symbol:   variable log
[ERROR]   location: class com.sportsync.config.DatabaseConfig
[ERROR] /C:/Users/neera/OneDrive/Desktop/projects/SportSync/backend/src/main/java/com/sportsync/config/DatabaseConfig.java:[82,13] cannot find symbol
[ERROR]   symbol:   variable log
[ERROR]   location: class com.sportsync.config.DatabaseConfig
[ERROR] /C:/Users/neera/OneDrive/Desktop/projects/SportSync/backend/src/main/java/com/sportsync/config/DatabaseConfig.java:[93,13] cannot find symbol
[ERROR]   symbol:   variable log
[ERROR]   location: class com.sportsync.config.DatabaseConfig
[ERROR] /C:/Users/neera/OneDrive/Desktop/projects/SportSync/backend/src/main/java/com/sportsync/security/JwtAuthenticationFilter.java:[72,70] cannot find symbol
[ERROR]   symbol:   method getRole()
[ERROR]   location: variable user of type com.sportsync.entity.User
[ERROR] /C:/Users/neera/OneDrive/Desktop/projects/SportSync/backend/src/main/java/com/sportsync/security/JwtAuthenticationFilter.java:[84,106] cannot find symbol
[ERROR]   symbol:   method getRole()
[ERROR]   location: variable user of type com.sportsync.entity.User
[ERROR] /C:/Users/neera/OneDrive/Desktop/projects/SportSync/backend/src/main/java/com/sportsync/service/MatchmakingService.java:[31,27] cannot find symbol
[ERROR]   symbol:   method getLongitude()
[ERROR]   location: variable event of type com.sportsync.entity.Event
[ERROR] /C:/Users/neera/OneDrive/Desktop/projects/SportSync/backend/src/main/java/com/sportsync/service/MatchmakingService.java:[32,27] cannot find symbol
[ERROR]   symbol:   method getLatitude()
[ERROR]   location: variable event of type com.sportsync.entity.Event
[ERROR] /C:/Users/neera/OneDrive/Desktop/projects/SportSync/backend/src/main/java/com/sportsync/service/MatchmakingService.java:[36,18] cannot find symbol
[ERROR]   symbol:   method getRequiredSkillLevel()
[ERROR]   location: variable event of type com.sportsync.entity.Event
[ERROR] /C:/Users/neera/OneDrive/Desktop/projects/SportSync/backend/src/main/java/com/sportsync/service/MatchmakingService.java:[37,18] cannot find symbol
[ERROR]   symbol:   method getSportType()
[ERROR]   location: variable event of type com.sportsync.entity.Event
[ERROR] /C:/Users/neera/OneDrive/Desktop/projects/SportSync/backend/src/main/java/com/sportsync/service/MatchmakingService.java:[42,59] cannot find symbol
[ERROR]   symbol:   method getLatitude()
[ERROR]   location: variable u of type com.sportsync.entity.User
[ERROR] /C:/Users/neera/OneDrive/Desktop/projects/SportSync/backend/src/main/java/com/sportsync/service/MatchmakingService.java:[42,76] cannot find symbol
[ERROR]   symbol:   method getLongitude()
[ERROR]   location: variable u of type com.sportsync.entity.User
[ERROR] /C:/Users/neera/OneDrive/Desktop/projects/SportSync/backend/src/main/java/com/sportsync/dto/EventResponseDTO.java:[21,18] cannot find symbol
[ERROR]   symbol:   method getId()
[ERROR]   location: variable event of type com.sportsync.entity.Event
[ERROR] /C:/Users/neera/OneDrive/Desktop/projects/SportSync/backend/src/main/java/com/sportsync/dto/EventResponseDTO.java:[22,18] cannot find symbol
[ERROR]   symbol:   method getOrganizer()
[ERROR]   location: variable event of type com.sportsync.entity.Event
[ERROR] /C:/Users/neera/OneDrive/Desktop/projects/SportSync/backend/src/main/java/com/sportsync/dto/EventResponseDTO.java:[23,18] cannot find symbol
[ERROR]   symbol:   method getSportType()
[ERROR]   location: variable event of type com.sportsync.entity.Event
[ERROR] /C:/Users/neera/OneDrive/Desktop/projects/SportSync/backend/src/main/java/com/sportsync/dto/EventResponseDTO.java:[24,18] cannot find symbol
[ERROR]   symbol:   method getLatitude()
[ERROR]   location: variable event of type com.sportsync.entity.Event
[ERROR] /C:/Users/neera/OneDrive/Desktop/projects/SportSync/backend/src/main/java/com/sportsync/dto/EventResponseDTO.java:[25,18] cannot find symbol
[ERROR]   symbol:   method getLongitude()
[ERROR]   location: variable event of type com.sportsync.entity.Event
[ERROR] /C:/Users/neera/OneDrive/Desktop/projects/SportSync/backend/src/main/java/com/sportsync/dto/EventResponseDTO.java:[26,18] cannot find symbol
[ERROR]   symbol:   method getDateTime()
[ERROR]   location: variable event of type com.sportsync.entity.Event
[ERROR] /C:/Users/neera/OneDrive/Desktop/projects/SportSync/backend/src/main/java/com/sportsync/dto/EventResponseDTO.java:[27,18] cannot find symbol
[ERROR]   symbol:   method getMaxPlayerCount()
[ERROR]   location: variable event of type com.sportsync.entity.Event
[ERROR] /C:/Users/neera/OneDrive/Desktop/projects/SportSync/backend/src/main/java/com/sportsync/dto/EventResponseDTO.java:[28,18] cannot find symbol
[ERROR]   symbol:   method getRequiredSkillLevel()
[ERROR]   location: variable event of type com.sportsync.entity.Event
[ERROR] /C:/Users/neera/OneDrive/Desktop/projects/SportSync/backend/src/main/java/com/sportsync/dto/EventResponseDTO.java:[29,18] cannot find symbol
[ERROR]   symbol:   method getStatus()
[ERROR]   location: variable event of type com.sportsync.entity.Event
[ERROR] /C:/Users/neera/OneDrive/Desktop/projects/SportSync/backend/src/main/java/com/sportsync/SportSyncApplication.java:[37,21] cannot find symbol
[ERROR]   symbol:   method setName(java.lang.String)
[ERROR]   location: variable user of type com.sportsync.entity.User
[ERROR] /C:/Users/neera/OneDrive/Desktop/projects/SportSync/backend/src/main/java/com/sportsync/SportSyncApplication.java:[38,21] cannot find symbol
[ERROR]   symbol:   method setEmail(java.lang.String)
[ERROR]   location: variable user of type com.sportsync.entity.User
[ERROR] /C:/Users/neera/OneDrive/Desktop/projects/SportSync/backend/src/main/java/com/sportsync/SportSyncApplication.java:[39,21] cannot find symbol
[ERROR]   symbol:   method setPassword(java.lang.String)
[ERROR]   location: variable user of type com.sportsync.entity.User
[ERROR] /C:/Users/neera/OneDrive/Desktop/projects/SportSync/backend/src/main/java/com/sportsync/SportSyncApplication.java:[40,21] cannot find symbol
[ERROR]   symbol:   method setSkillLevel(com.sportsync.entity.SkillLevel)
[ERROR]   location: variable user of type com.sportsync.entity.User
[ERROR] /C:/Users/neera/OneDrive/Desktop/projects/SportSync/backend/src/main/java/com/sportsync/SportSyncApplication.java:[41,21] cannot find symbol
[ERROR]   symbol:   method setLatitude(double)
[ERROR]   location: variable user of type com.sportsync.entity.User
[ERROR] /C:/Users/neera/OneDrive/Desktop/projects/SportSync/backend/src/main/java/com/sportsync/SportSyncApplication.java:[42,21] cannot find symbol
[ERROR]   symbol:   method setLongitude(double)
[ERROR]   location: variable user of type com.sportsync.entity.User
[ERROR] /C:/Users/neera/OneDrive/Desktop/projects/SportSync/backend/src/main/java/com/sportsync/SportSyncApplication.java:[43,21] cannot find symbol
[ERROR]   symbol:   method setReputationScore(double)
[ERROR]   location: variable user of type com.sportsync.entity.User
[ERROR] /C:/Users/neera/OneDrive/Desktop/projects/SportSync/backend/src/main/java/com/sportsync/SportSyncApplication.java:[44,21] cannot find symbol
[ERROR]   symbol:   method setPreferredSports(java.util.List<java.lang.String>)
[ERROR]   location: variable user of type com.sportsync.entity.User
[ERROR] /C:/Users/neera/OneDrive/Desktop/projects/SportSync/backend/src/main/java/com/sportsync/SportSyncApplication.java:[45,21] cannot find symbol
[ERROR]   symbol:   method setRole(com.sportsync.entity.Role)
[ERROR]   location: variable user of type com.sportsync.entity.User
[ERROR] /C:/Users/neera/OneDrive/Desktop/projects/SportSync/backend/src/main/java/com/sportsync/SportSyncApplication.java:[50,22] cannot find symbol
[ERROR]   symbol:   method setName(java.lang.String)
[ERROR]   location: variable admin of type com.sportsync.entity.User
[ERROR] /C:/Users/neera/OneDrive/Desktop/projects/SportSync/backend/src/main/java/com/sportsync/SportSyncApplication.java:[51,22] cannot find symbol
[ERROR]   symbol:   method setEmail(java.lang.String)
[ERROR]   location: variable admin of type com.sportsync.entity.User
[ERROR] /C:/Users/neera/OneDrive/Desktop/projects/SportSync/backend/src/main/java/com/sportsync/SportSyncApplication.java:[52,22] cannot find symbol
[ERROR]   symbol:   method setPassword(java.lang.String)
[ERROR]   location: variable admin of type com.sportsync.entity.User
[ERROR] /C:/Users/neera/OneDrive/Desktop/projects/SportSync/backend/src/main/java/com/sportsync/SportSyncApplication.java:[53,22] cannot find symbol
[ERROR]   symbol:   method setSkillLevel(com.sportsync.entity.SkillLevel)
[ERROR]   location: variable admin of type com.sportsync.entity.User
[ERROR] /C:/Users/neera/OneDrive/Desktop/projects/SportSync/backend/src/main/java/com/sportsync/SportSyncApplication.java:[54,22] cannot find symbol
[ERROR]   symbol:   method setLatitude(double)
[ERROR]   location: variable admin of type com.sportsync.entity.User
[ERROR] /C:/Users/neera/OneDrive/Desktop/projects/SportSync/backend/src/main/java/com/sportsync/SportSyncApplication.java:[55,22] cannot find symbol
[ERROR]   symbol:   method setLongitude(double)
[ERROR]   location: variable admin of type com.sportsync.entity.User
[ERROR] /C:/Users/neera/OneDrive/Desktop/projects/SportSync/backend/src/main/java/com/sportsync/SportSyncApplication.java:[56,22] cannot find symbol
[ERROR]   symbol:   method setReputationScore(double)
[ERROR]   location: variable admin of type com.sportsync.entity.User
[ERROR] /C:/Users/neera/OneDrive/Desktop/projects/SportSync/backend/src/main/java/com/sportsync/SportSyncApplication.java:[57,22] cannot find symbol
[ERROR]   symbol:   method setPreferredSports(java.util.List<java.lang.String>)
[ERROR]   location: variable admin of type com.sportsync.entity.User
[ERROR] /C:/Users/neera/OneDrive/Desktop/projects/SportSync/backend/src/main/java/com/sportsync/SportSyncApplication.java:[58,22] cannot find symbol
[ERROR]   symbol:   method setRole(com.sportsync.entity.Role)
[ERROR]   location: variable admin of type com.sportsync.entity.User
[ERROR] /C:/Users/neera/OneDrive/Desktop/projects/SportSync/backend/src/main/java/com/sportsync/controller/AuthController.java:[36,54] cannot find symbol
[ERROR]   symbol:   method getEmail()
[ERROR]   location: variable user of type com.sportsync.entity.User
[ERROR] /C:/Users/neera/OneDrive/Desktop/projects/SportSync/backend/src/main/java/com/sportsync/controller/AuthController.java:[38,73] cannot find symbol
[ERROR]   symbol:   method getId()
[ERROR]   location: variable user of type com.sportsync.entity.User
[ERROR] /C:/Users/neera/OneDrive/Desktop/projects/SportSync/backend/src/main/java/com/sportsync/controller/AuthController.java:[40,58] cannot find symbol
[ERROR]   symbol:   method getId()
[ERROR]   location: variable user of type com.sportsync.entity.User
[ERROR] /C:/Users/neera/OneDrive/Desktop/projects/SportSync/backend/src/main/java/com/sportsync/controller/AuthController.java:[40,72] cannot find symbol
[ERROR]   symbol:   method getName()
[ERROR]   location: variable user of type com.sportsync.entity.User
[ERROR] /C:/Users/neera/OneDrive/Desktop/projects/SportSync/backend/src/main/java/com/sportsync/controller/AuthController.java:[52,54] cannot find symbol
[ERROR]   symbol:   method getEmail()
[ERROR]   location: variable user of type com.sportsync.entity.User
[ERROR] /C:/Users/neera/OneDrive/Desktop/projects/SportSync/backend/src/main/java/com/sportsync/controller/AuthController.java:[54,68] cannot find symbol
[ERROR]   symbol:   method getEmail()
[ERROR]   location: variable user of type com.sportsync.entity.User
[ERROR] /C:/Users/neera/OneDrive/Desktop/projects/SportSync/backend/src/main/java/com/sportsync/controller/AuthController.java:[55,69] cannot find symbol
[ERROR]   symbol:   method getId()
[ERROR]   location: variable user of type com.sportsync.entity.User
[ERROR] /C:/Users/neera/OneDrive/Desktop/projects/SportSync/backend/src/main/java/com/sportsync/controller/AuthController.java:[55,83] cannot find symbol
[ERROR]   symbol:   method getName()
[ERROR]   location: variable user of type com.sportsync.entity.User
[ERROR] -> [Help 1]
[ERROR] 
[ERROR] To see the full stack trace of the errors, re-run Maven with the -e switch.
[ERROR] Re-run Maven using the -X switch to enable full debug logging.
[ERROR] 
[ERROR] For more information about the errors and possible solutions, please read the following articles:
[ERROR] [Help 1] http://cwiki.apache.org/confluence/display/MAVEN/MojoFailureException
